
os:     file format elf32-littleriscv


Disassembly of section .text:

00000000 <_start>:
# .global _start
# 
# # sets up the stack before calling c function 'run' in 'os.c'
# _start:
#     lui sp, 0x2         # set stack at # 0x1fff0
   0:	00002137          	lui	x2,0x2
#     addi sp, sp, -16    #
   4:	ff010113          	addi	x2,x2,-16 # 1ff0 <delay+0x10a8>
   8:	004000ef          	jal	x1,c <run>

0000000c <run>:
# void handle_inbuf();
# 
# unsigned char active_entity = 1;
# 
# void run() {
#   uart_send_str(hello);
   c:	000027b7          	lui	x15,0x2
  10:	5ec7a503          	lw	x10,1516(x15) # 25ec <hello>
# void run() {
  14:	fe010113          	addi	x2,x2,-32
  18:	00812c23          	sw	x8,24(x2)
#   while (1) {
#     print_location(entities[active_entity].location);
  1c:	00002437          	lui	x8,0x2
# void run() {
  20:	00912a23          	sw	x9,20(x2)
  24:	01212823          	sw	x18,16(x2)
  28:	01312623          	sw	x19,12(x2)
  2c:	01412423          	sw	x20,8(x2)
  30:	00112e23          	sw	x1,28(x2)
#     print_location(entities[active_entity].location);
  34:	55840413          	addi	x8,x8,1368 # 2558 <entities>
#   uart_send_str(hello);
  38:	00001097          	auipc	x1,0x1
  3c:	e64080e7          	jalr	x1,-412(x1) # e9c <uart_send_str>
#     print_location(entities[active_entity].location);
  40:	000024b7          	lui	x9,0x2
#     uart_send_str(entities[active_entity].name);
#     uart_send_str(" > ");
  44:	00001937          	lui	x18,0x1
#     input_inbuf();
#     uart_send_str("\r\n");
  48:	000019b7          	lui	x19,0x1
#     handle_inbuf();
#     if (active_entity == 1)
  4c:	00100a13          	addi	x20,x0,1
#     print_location(entities[active_entity].location);
  50:	5f04c703          	lbu	x14,1520(x9) # 25f0 <active_entity>
  54:	00271793          	slli	x15,x14,0x2
  58:	00e787b3          	add	x15,x15,x14
  5c:	00379793          	slli	x15,x15,0x3
  60:	00f407b3          	add	x15,x8,x15
  64:	0047c503          	lbu	x10,4(x15)
  68:	00000097          	auipc	x1,0x0
  6c:	098080e7          	jalr	x1,152(x1) # 100 <print_location>
#     uart_send_str(entities[active_entity].name);
  70:	5f04c703          	lbu	x14,1520(x9)
  74:	00271793          	slli	x15,x14,0x2
  78:	00e787b3          	add	x15,x15,x14
  7c:	00379793          	slli	x15,x15,0x3
  80:	00f407b3          	add	x15,x8,x15
  84:	0007a503          	lw	x10,0(x15)
  88:	00001097          	auipc	x1,0x1
  8c:	e14080e7          	jalr	x1,-492(x1) # e9c <uart_send_str>
#     uart_send_str(" > ");
  90:	00c90513          	addi	x10,x18,12 # 100c <delay+0xc4>
  94:	00001097          	auipc	x1,0x1
  98:	e08080e7          	jalr	x1,-504(x1) # e9c <uart_send_str>
#     input_inbuf();
  9c:	00001097          	auipc	x1,0x1
  a0:	d54080e7          	jalr	x1,-684(x1) # df0 <input_inbuf>
#     uart_send_str("\r\n");
  a4:	25898513          	addi	x10,x19,600 # 1258 <delay+0x310>
  a8:	00001097          	auipc	x1,0x1
  ac:	df4080e7          	jalr	x1,-524(x1) # e9c <uart_send_str>
#     handle_inbuf();
  b0:	00001097          	auipc	x1,0x1
  b4:	ac0080e7          	jalr	x1,-1344(x1) # b70 <handle_inbuf>
#     if (active_entity == 1)
  b8:	5f04c703          	lbu	x14,1520(x9)
#       active_entity = 2;
  bc:	00200793          	addi	x15,x0,2
#     if (active_entity == 1)
  c0:	01470463          	beq	x14,x20,c8 <run+0xbc>
#     else
#       active_entity = 1;
  c4:	00100793          	addi	x15,x0,1
  c8:	5ef48823          	sb	x15,1520(x9)
  cc:	f85ff06f          	jal	x0,50 <run+0x44>

000000d0 <strings_equal>:
#   }
# }
# 
# bool strings_equal(const char *s1, const char *s2) {
  d0:	00050793          	addi	x15,x10,0
#   while (1) {
#     char diff = *s1 - *s2;
  d4:	0007c703          	lbu	x14,0(x15)
  d8:	0005c503          	lbu	x10,0(x11)
#     if (diff)
  dc:	00a71e63          	bne	x14,x10,f8 <strings_equal+0x28>
#       return FALSE;
#     if (!*s1 && !*s2)
  e0:	00051663          	bne	x10,x0,ec <strings_equal+0x1c>
  e4:	00100513          	addi	x10,x0,1
  e8:	00008067          	jalr	x0,0(x1)
#       return TRUE;
#     if (!*s1 || !*s2)
#       return FALSE;
#     s1++;
  ec:	00178793          	addi	x15,x15,1
#     s2++;
  f0:	00158593          	addi	x11,x11,1
#   while (1) {
  f4:	fe1ff06f          	jal	x0,d4 <strings_equal+0x4>
#       return FALSE;
  f8:	00000513          	addi	x10,x0,0
#   }
# }
  fc:	00008067          	jalr	x0,0(x1)

00000100 <print_location>:
# 
# void print_location(location_id lid) {
 100:	fd010113          	addi	x2,x2,-48
 104:	03212023          	sw	x18,32(x2)
 108:	00050913          	addi	x18,x10,0
 10c:	02812423          	sw	x8,40(x2)
#   const location *loc = &locations[lid];
#   uart_send_str("u r in ");
#   uart_send_str(loc->name);
 110:	00391413          	slli	x8,x18,0x3
 114:	01240433          	add	x8,x8,x18
#   uart_send_str("u r in ");
 118:	00001537          	lui	x10,0x1
#   uart_send_str(loc->name);
 11c:	00241413          	slli	x8,x8,0x2
# void print_location(location_id lid) {
 120:	02912223          	sw	x9,36(x2)
#   uart_send_str("u r in ");
 124:	01050513          	addi	x10,x10,16 # 1010 <delay+0xc8>
#   uart_send_str(loc->name);
 128:	000024b7          	lui	x9,0x2
 12c:	01240433          	add	x8,x8,x18
# void print_location(location_id lid) {
 130:	02112623          	sw	x1,44(x2)
 134:	01312e23          	sw	x19,28(x2)
 138:	01412c23          	sw	x20,24(x2)
#   uart_send_str(loc->name);
 13c:	27448993          	addi	x19,x9,628 # 2274 <locations>
 140:	00241413          	slli	x8,x8,0x2
# void print_location(location_id lid) {
 144:	01512a23          	sw	x21,20(x2)
 148:	01612823          	sw	x22,16(x2)
 14c:	01712623          	sw	x23,12(x2)
 150:	01812423          	sw	x24,8(x2)
 154:	01912223          	sw	x25,4(x2)
#   uart_send_str("u r in ");
 158:	00001097          	auipc	x1,0x1
 15c:	d44080e7          	jalr	x1,-700(x1) # e9c <uart_send_str>
#   uart_send_str(loc->name);
 160:	008987b3          	add	x15,x19,x8
 164:	0007a503          	lw	x10,0(x15)
#   uart_send_str("\r\nu c: ");
# 
#   // print objects in current location
#   unsigned char add_list_sep = 0;
#   const object_id *objs = loc->objects;
 168:	00440a13          	addi	x20,x8,4
 16c:	013a0a33          	add	x20,x20,x19
#   uart_send_str(loc->name);
 170:	00001097          	auipc	x1,0x1
 174:	d2c080e7          	jalr	x1,-724(x1) # e9c <uart_send_str>
#   uart_send_str("\r\nu c: ");
 178:	00001537          	lui	x10,0x1
 17c:	01850513          	addi	x10,x10,24 # 1018 <delay+0xd0>
 180:	00001097          	auipc	x1,0x1
 184:	d1c080e7          	jalr	x1,-740(x1) # e9c <uart_send_str>
#   for (unsigned i = 0; i < LOCATION_MAX_OBJECTS; i++) {
#     const object_id oid = objs[i];
 188:	000a4903          	lbu	x18,0(x20)
#     if (!oid)
 18c:	27448493          	addi	x9,x9,628
 190:	18090863          	beq	x18,x0,320 <print_location+0x220>
#     if (add_list_sep) {
#       uart_send_str(", ");
#     } else {
#       add_list_sep = 1;
#     }
#     uart_send_str(objects[oid].name);
 194:	00002ab7          	lui	x21,0x2
#   for (unsigned i = 0; i < LOCATION_MAX_OBJECTS; i++) {
 198:	00000993          	addi	x19,x0,0
#     uart_send_str(objects[oid].name);
 19c:	5d0a8a93          	addi	x21,x21,1488 # 25d0 <objects>
#   for (unsigned i = 0; i < LOCATION_MAX_OBJECTS; i++) {
 1a0:	08000b13          	addi	x22,x0,128
#       uart_send_str(", ");
 1a4:	00001bb7          	lui	x23,0x1
#     uart_send_str(objects[oid].name);
 1a8:	00291913          	slli	x18,x18,0x2
 1ac:	012a8933          	add	x18,x21,x18
 1b0:	00092503          	lw	x10,0(x18)
#   for (unsigned i = 0; i < LOCATION_MAX_OBJECTS; i++) {
 1b4:	00198993          	addi	x19,x19,1
#     uart_send_str(objects[oid].name);
 1b8:	00001097          	auipc	x1,0x1
 1bc:	ce4080e7          	jalr	x1,-796(x1) # e9c <uart_send_str>
#   for (unsigned i = 0; i < LOCATION_MAX_OBJECTS; i++) {
 1c0:	01698863          	beq	x19,x22,1d0 <print_location+0xd0>
#     const object_id oid = objs[i];
 1c4:	013a07b3          	add	x15,x20,x19
 1c8:	0007c903          	lbu	x18,0(x15)
#     if (!oid)
 1cc:	14091263          	bne	x18,x0,310 <print_location+0x210>
#   }
#   if (!add_list_sep) {
#     uart_send_str("nothing");
#   }
#   uart_send_str("\r\n");
 1d0:	000019b7          	lui	x19,0x1
 1d4:	25898513          	addi	x10,x19,600 # 1258 <delay+0x310>
 1d8:	00001097          	auipc	x1,0x1
 1dc:	cc4080e7          	jalr	x1,-828(x1) # e9c <uart_send_str>
#     if (add_list_sep) {
#       uart_send_str(", ");
#     } else {
#       add_list_sep = 1;
#     }
#     uart_send_str(entities[eid].name);
 1e0:	00002937          	lui	x18,0x2
 1e4:	08440a93          	addi	x21,x8,132
#   for (unsigned i = 0; i < LOCATION_MAX_ENTITIES; i++) {
 1e8:	00000c13          	addi	x24,x0,0
#   add_list_sep = 0;
 1ec:	00000793          	addi	x15,x0,0
#     if (eid == active_entity)
 1f0:	00002b37          	lui	x22,0x2
#     uart_send_str(entities[eid].name);
 1f4:	55890913          	addi	x18,x18,1368 # 2558 <entities>
#       uart_send_str(", ");
 1f8:	00001bb7          	lui	x23,0x1
#   for (unsigned i = 0; i < LOCATION_MAX_ENTITIES; i++) {
 1fc:	00800a13          	addi	x20,x0,8
#     const entity_id eid = ents[i];
 200:	015c0733          	add	x14,x24,x21
 204:	00e48733          	add	x14,x9,x14
 208:	00074c83          	lbu	x25,0(x14)
#     if (!eid)
 20c:	040c8263          	beq	x25,x0,250 <print_location+0x150>
#     if (eid == active_entity)
 210:	5f0b4703          	lbu	x14,1520(x22) # 25f0 <active_entity>
 214:	03970a63          	beq	x14,x25,248 <print_location+0x148>
#     if (add_list_sep) {
 218:	00078863          	beq	x15,x0,228 <print_location+0x128>
#       uart_send_str(", ");
 21c:	020b8513          	addi	x10,x23,32 # 1020 <delay+0xd8>
 220:	00001097          	auipc	x1,0x1
 224:	c7c080e7          	jalr	x1,-900(x1) # e9c <uart_send_str>
#     uart_send_str(entities[eid].name);
 228:	002c9793          	slli	x15,x25,0x2
 22c:	019787b3          	add	x15,x15,x25
 230:	00379793          	slli	x15,x15,0x3
 234:	00f907b3          	add	x15,x18,x15
 238:	0007a503          	lw	x10,0(x15)
 23c:	00001097          	auipc	x1,0x1
 240:	c60080e7          	jalr	x1,-928(x1) # e9c <uart_send_str>
 244:	00100793          	addi	x15,x0,1
#   for (unsigned i = 0; i < LOCATION_MAX_ENTITIES; i++) {
 248:	001c0c13          	addi	x24,x24,1
 24c:	fb4c1ae3          	bne	x24,x20,200 <print_location+0x100>
#   }
#   if (add_list_sep) {
 250:	00078a63          	beq	x15,x0,264 <print_location+0x164>
#     uart_send_str(" is here\r\n");
 254:	00001537          	lui	x10,0x1
 258:	02450513          	addi	x10,x10,36 # 1024 <delay+0xdc>
 25c:	00001097          	auipc	x1,0x1
 260:	c40080e7          	jalr	x1,-960(x1) # e9c <uart_send_str>
#   }
# 
#   // print exits from current location
#   add_list_sep = 0;
#   uart_send_str("exits: ");
 264:	00001537          	lui	x10,0x1
 268:	03050513          	addi	x10,x10,48 # 1030 <delay+0xe8>
 26c:	008484b3          	add	x9,x9,x8
 270:	00002437          	lui	x8,0x2
 274:	00001097          	auipc	x1,0x1
 278:	c28080e7          	jalr	x1,-984(x1) # e9c <uart_send_str>
#   for (unsigned i = 0; i < LOCATION_MAX_EXITS; i++) {
 27c:	25c40413          	addi	x8,x8,604 # 225c <exit_names>
 280:	01840913          	addi	x18,x8,24
#   add_list_sep = 0;
 284:	00000793          	addi	x15,x0,0
#     if (!loc->exits[i])
#       continue;
#     if (add_list_sep) {
#       uart_send_str(", ");
 288:	00001a37          	lui	x20,0x1
#     if (!loc->exits[i])
 28c:	08c4c703          	lbu	x14,140(x9)
 290:	02070263          	beq	x14,x0,2b4 <print_location+0x1b4>
#     if (add_list_sep) {
 294:	00078863          	beq	x15,x0,2a4 <print_location+0x1a4>
#       uart_send_str(", ");
 298:	020a0513          	addi	x10,x20,32 # 1020 <delay+0xd8>
 29c:	00001097          	auipc	x1,0x1
 2a0:	c00080e7          	jalr	x1,-1024(x1) # e9c <uart_send_str>
#     } else {
#       add_list_sep = 1;
#     }
#     uart_send_str(exit_names[i]);
 2a4:	00042503          	lw	x10,0(x8)
 2a8:	00001097          	auipc	x1,0x1
 2ac:	bf4080e7          	jalr	x1,-1036(x1) # e9c <uart_send_str>
 2b0:	00100793          	addi	x15,x0,1
#   for (unsigned i = 0; i < LOCATION_MAX_EXITS; i++) {
 2b4:	00440413          	addi	x8,x8,4
 2b8:	00148493          	addi	x9,x9,1
 2bc:	fd2418e3          	bne	x8,x18,28c <print_location+0x18c>
#   }
#   if (!add_list_sep) {
 2c0:	00079a63          	bne	x15,x0,2d4 <print_location+0x1d4>
#     uart_send_str("none");
 2c4:	00001537          	lui	x10,0x1
 2c8:	03850513          	addi	x10,x10,56 # 1038 <delay+0xf0>
 2cc:	00001097          	auipc	x1,0x1
 2d0:	bd0080e7          	jalr	x1,-1072(x1) # e9c <uart_send_str>
#   }
#   uart_send_str("\r\n");
# }
 2d4:	02812403          	lw	x8,40(x2)
 2d8:	02c12083          	lw	x1,44(x2)
 2dc:	02412483          	lw	x9,36(x2)
 2e0:	02012903          	lw	x18,32(x2)
 2e4:	01812a03          	lw	x20,24(x2)
 2e8:	01412a83          	lw	x21,20(x2)
 2ec:	01012b03          	lw	x22,16(x2)
 2f0:	00c12b83          	lw	x23,12(x2)
 2f4:	00812c03          	lw	x24,8(x2)
 2f8:	00412c83          	lw	x25,4(x2)
#   uart_send_str("\r\n");
 2fc:	25898513          	addi	x10,x19,600
# }
 300:	01c12983          	lw	x19,28(x2)
 304:	03010113          	addi	x2,x2,48
#   uart_send_str("\r\n");
 308:	00001317          	auipc	x6,0x1
 30c:	b9430067          	jalr	x0,-1132(x6) # e9c <uart_send_str>
#       uart_send_str(", ");
 310:	020b8513          	addi	x10,x23,32
 314:	00001097          	auipc	x1,0x1
 318:	b88080e7          	jalr	x1,-1144(x1) # e9c <uart_send_str>
 31c:	e8dff06f          	jal	x0,1a8 <print_location+0xa8>
#     uart_send_str("nothing");
 320:	00001537          	lui	x10,0x1
 324:	04050513          	addi	x10,x10,64 # 1040 <delay+0xf8>
 328:	00001097          	auipc	x1,0x1
 32c:	b74080e7          	jalr	x1,-1164(x1) # e9c <uart_send_str>
 330:	ea1ff06f          	jal	x0,1d0 <print_location+0xd0>

00000334 <print_inventory>:
# 
# void print_inventory(entity_id eid) {
 334:	fe010113          	addi	x2,x2,-32
 338:	00912a23          	sw	x9,20(x2)
 33c:	00050493          	addi	x9,x10,0
#   uart_send_str("u have: ");
 340:	00001537          	lui	x10,0x1
# void print_inventory(entity_id eid) {
 344:	00812c23          	sw	x8,24(x2)
#   uart_send_str("u have: ");
 348:	04850513          	addi	x10,x10,72 # 1048 <delay+0x100>
#   bool add_list_sep = FALSE;
#   const object_id *objs = entities[eid].objects;
 34c:	00249413          	slli	x8,x9,0x2
 350:	00940433          	add	x8,x8,x9
# void print_inventory(entity_id eid) {
 354:	00112e23          	sw	x1,28(x2)
 358:	01212823          	sw	x18,16(x2)
 35c:	01312623          	sw	x19,12(x2)
 360:	01412423          	sw	x20,8(x2)
 364:	01512223          	sw	x21,4(x2)
#   uart_send_str("u have: ");
 368:	00001097          	auipc	x1,0x1
 36c:	b34080e7          	jalr	x1,-1228(x1) # e9c <uart_send_str>
#   const object_id *objs = entities[eid].objects;
 370:	00341413          	slli	x8,x8,0x3
 374:	000027b7          	lui	x15,0x2
 378:	00540413          	addi	x8,x8,5
 37c:	55878793          	addi	x15,x15,1368 # 2558 <entities>
 380:	00f40433          	add	x8,x8,x15
#   for (unsigned i = 0; i < ENTITY_MAX_OBJECTS; i++) {
#     const object_id id = objs[i];
 384:	00044483          	lbu	x9,0(x8)
#     if (!id)
 388:	08048063          	beq	x9,x0,408 <print_inventory+0xd4>
#     if (add_list_sep) {
#       uart_send_str(", ");
#     } else {
#       add_list_sep = TRUE;
#     }
#     uart_send_str(objects[id].name);
 38c:	000029b7          	lui	x19,0x2
#   for (unsigned i = 0; i < ENTITY_MAX_OBJECTS; i++) {
 390:	00000913          	addi	x18,x0,0
#     uart_send_str(objects[id].name);
 394:	5d098993          	addi	x19,x19,1488 # 25d0 <objects>
#   for (unsigned i = 0; i < ENTITY_MAX_OBJECTS; i++) {
 398:	02000a13          	addi	x20,x0,32
#       uart_send_str(", ");
 39c:	00001ab7          	lui	x21,0x1
#     uart_send_str(objects[id].name);
 3a0:	00249493          	slli	x9,x9,0x2
 3a4:	009984b3          	add	x9,x19,x9
 3a8:	0004a503          	lw	x10,0(x9)
#   for (unsigned i = 0; i < ENTITY_MAX_OBJECTS; i++) {
 3ac:	00190913          	addi	x18,x18,1
#     uart_send_str(objects[id].name);
 3b0:	00001097          	auipc	x1,0x1
 3b4:	aec080e7          	jalr	x1,-1300(x1) # e9c <uart_send_str>
#   for (unsigned i = 0; i < ENTITY_MAX_OBJECTS; i++) {
 3b8:	01490863          	beq	x18,x20,3c8 <print_inventory+0x94>
#     const object_id id = objs[i];
 3bc:	012407b3          	add	x15,x8,x18
 3c0:	0007c483          	lbu	x9,0(x15)
#     if (!id)
 3c4:	02049a63          	bne	x9,x0,3f8 <print_inventory+0xc4>
#   }
#   if (!add_list_sep) {
#     uart_send_str("nothing");
#   }
#   uart_send_str("\r\n");
# }
 3c8:	01812403          	lw	x8,24(x2)
 3cc:	01c12083          	lw	x1,28(x2)
 3d0:	01412483          	lw	x9,20(x2)
 3d4:	01012903          	lw	x18,16(x2)
 3d8:	00c12983          	lw	x19,12(x2)
 3dc:	00812a03          	lw	x20,8(x2)
 3e0:	00412a83          	lw	x21,4(x2)
#   uart_send_str("\r\n");
 3e4:	00001537          	lui	x10,0x1
 3e8:	25850513          	addi	x10,x10,600 # 1258 <delay+0x310>
# }
 3ec:	02010113          	addi	x2,x2,32
#   uart_send_str("\r\n");
 3f0:	00001317          	auipc	x6,0x1
 3f4:	aac30067          	jalr	x0,-1364(x6) # e9c <uart_send_str>
#       uart_send_str(", ");
 3f8:	020a8513          	addi	x10,x21,32 # 1020 <delay+0xd8>
 3fc:	00001097          	auipc	x1,0x1
 400:	aa0080e7          	jalr	x1,-1376(x1) # e9c <uart_send_str>
 404:	f9dff06f          	jal	x0,3a0 <print_inventory+0x6c>
#     uart_send_str("nothing");
 408:	00001537          	lui	x10,0x1
 40c:	04050513          	addi	x10,x10,64 # 1040 <delay+0xf8>
 410:	00001097          	auipc	x1,0x1
 414:	a8c080e7          	jalr	x1,-1396(x1) # e9c <uart_send_str>
 418:	fb1ff06f          	jal	x0,3c8 <print_inventory+0x94>

0000041c <remove_object_from_list_by_index>:
# 
# void remove_object_from_list_by_index(object_id list[], unsigned ix) {
#   object_id *ptr = &list[ix];
 41c:	00b50533          	add	x10,x10,x11
#   while (1) {
#     object_id *nxt = ptr + 1;
#     *ptr = *nxt;
 420:	00154783          	lbu	x15,1(x10)
 424:	00f50023          	sb	x15,0(x10)
#     if (!*ptr)
 428:	00078663          	beq	x15,x0,434 <remove_object_from_list_by_index+0x18>
#       return;
#     ptr++;
 42c:	00150513          	addi	x10,x10,1
#   while (1) {
 430:	ff1ff06f          	jal	x0,420 <remove_object_from_list_by_index+0x4>
#   }
# }
 434:	00008067          	jalr	x0,0(x1)

00000438 <add_object_to_list>:
# 
# bool add_object_to_list(object_id list[], unsigned list_max_size,
#                         object_id oid) {
#   for (unsigned i = 0; i < list_max_size - 1; i++) {
 438:	00000793          	addi	x15,x0,0
 43c:	fff58593          	addi	x11,x11,-1
 440:	02b7e663          	bltu	x15,x11,46c <add_object_to_list+0x34>
#       continue;
#     list[i] = oid;
#     list[i + 1] = 0;
#     return TRUE;
#   }
#   uart_send_str("space full\r\n");
 444:	00001537          	lui	x10,0x1
#                         object_id oid) {
 448:	ff010113          	addi	x2,x2,-16
#   uart_send_str("space full\r\n");
 44c:	05450513          	addi	x10,x10,84 # 1054 <delay+0x10c>
#                         object_id oid) {
 450:	00112623          	sw	x1,12(x2)
#   uart_send_str("space full\r\n");
 454:	00001097          	auipc	x1,0x1
 458:	a48080e7          	jalr	x1,-1464(x1) # e9c <uart_send_str>
#   return FALSE;
# }
 45c:	00c12083          	lw	x1,12(x2)
#   return FALSE;
 460:	00000513          	addi	x10,x0,0
# }
 464:	01010113          	addi	x2,x2,16
 468:	00008067          	jalr	x0,0(x1)
#   for (unsigned i = 0; i < list_max_size - 1; i++) {
 46c:	00178713          	addi	x14,x15,1
#     if (list[i])
 470:	00f507b3          	add	x15,x10,x15
 474:	0007c683          	lbu	x13,0(x15)
 478:	00069c63          	bne	x13,x0,490 <add_object_to_list+0x58>
#     list[i + 1] = 0;
 47c:	00e50533          	add	x10,x10,x14
#     list[i] = oid;
 480:	00c78023          	sb	x12,0(x15)
#     list[i + 1] = 0;
 484:	00050023          	sb	x0,0(x10)
#     return TRUE;
 488:	00100513          	addi	x10,x0,1
# }
 48c:	00008067          	jalr	x0,0(x1)
#   for (unsigned i = 0; i < list_max_size - 1; i++) {
 490:	00070793          	addi	x15,x14,0
 494:	fadff06f          	jal	x0,440 <add_object_to_list+0x8>

00000498 <add_entity_to_list>:
# 
# bool add_entity_to_list(entity_id list[], unsigned list_max_size,
#                         entity_id eid) {
#   for (unsigned i = 0; i < list_max_size - 1; i++) {
 498:	00000793          	addi	x15,x0,0
 49c:	fff58593          	addi	x11,x11,-1
 4a0:	02b7e663          	bltu	x15,x11,4cc <add_entity_to_list+0x34>
#       continue;
#     list[i] = eid;
#     list[i + 1] = 0;
#     return TRUE;
#   }
#   uart_send_str("location full\r\n");
 4a4:	00001537          	lui	x10,0x1
#                         entity_id eid) {
 4a8:	ff010113          	addi	x2,x2,-16
#   uart_send_str("location full\r\n");
 4ac:	06450513          	addi	x10,x10,100 # 1064 <delay+0x11c>
#                         entity_id eid) {
 4b0:	00112623          	sw	x1,12(x2)
#   uart_send_str("location full\r\n");
 4b4:	00001097          	auipc	x1,0x1
 4b8:	9e8080e7          	jalr	x1,-1560(x1) # e9c <uart_send_str>
#   return FALSE;
# }
 4bc:	00c12083          	lw	x1,12(x2)
#   return FALSE;
 4c0:	00000513          	addi	x10,x0,0
# }
 4c4:	01010113          	addi	x2,x2,16
 4c8:	00008067          	jalr	x0,0(x1)
#   for (unsigned i = 0; i < list_max_size - 1; i++) {
 4cc:	00178713          	addi	x14,x15,1
#     if (list[i])
 4d0:	00f507b3          	add	x15,x10,x15
 4d4:	0007c683          	lbu	x13,0(x15)
 4d8:	00069c63          	bne	x13,x0,4f0 <add_entity_to_list+0x58>
#     list[i + 1] = 0;
 4dc:	00e50533          	add	x10,x10,x14
#     list[i] = eid;
 4e0:	00c78023          	sb	x12,0(x15)
#     list[i + 1] = 0;
 4e4:	00050023          	sb	x0,0(x10)
#     return TRUE;
 4e8:	00100513          	addi	x10,x0,1
# }
 4ec:	00008067          	jalr	x0,0(x1)
#   for (unsigned i = 0; i < list_max_size - 1; i++) {
 4f0:	00070793          	addi	x15,x14,0
 4f4:	fadff06f          	jal	x0,4a0 <add_entity_to_list+0x8>

000004f8 <remove_entity_from_list>:
# 
# void remove_entity_from_list(entity_id list[], unsigned list_max_size,
#                              entity_id eid) {
#   for (unsigned i = 0; i < list_max_size - 1; i++) {
 4f8:	fff58693          	addi	x13,x11,-1
 4fc:	00b505b3          	add	x11,x10,x11
 500:	00000713          	addi	x14,x0,0
 504:	fff58593          	addi	x11,x11,-1
 508:	00d76a63          	bltu	x14,x13,51c <remove_entity_from_list+0x24>
#       list[j] = list[j + 1];
#       if (!list[i])
#         return;
#     }
#   }
#   uart_send_str("entity not here\r\n");
 50c:	00001537          	lui	x10,0x1
 510:	07450513          	addi	x10,x10,116 # 1074 <delay+0x12c>
 514:	00001317          	auipc	x6,0x1
 518:	98830067          	jalr	x0,-1656(x6) # e9c <uart_send_str>
#     if (list[i] != eid)
 51c:	00054783          	lbu	x15,0(x10)
 520:	00c79663          	bne	x15,x12,52c <remove_entity_from_list+0x34>
 524:	00050793          	addi	x15,x10,0
#     for (unsigned j = i; j < list_max_size - 1; j++) {
 528:	00b79863          	bne	x15,x11,538 <remove_entity_from_list+0x40>
#   for (unsigned i = 0; i < list_max_size - 1; i++) {
 52c:	00170713          	addi	x14,x14,1
 530:	00150513          	addi	x10,x10,1
 534:	fd5ff06f          	jal	x0,508 <remove_entity_from_list+0x10>
#       list[j] = list[j + 1];
 538:	0017c803          	lbu	x16,1(x15)
#       if (!list[i])
 53c:	00178793          	addi	x15,x15,1
#       list[j] = list[j + 1];
 540:	ff078fa3          	sb	x16,-1(x15)
#       if (!list[i])
 544:	00054803          	lbu	x16,0(x10)
 548:	fe0810e3          	bne	x16,x0,528 <remove_entity_from_list+0x30>
# }
 54c:	00008067          	jalr	x0,0(x1)

00000550 <remove_entity_from_list_by_index>:
# 
# void remove_entity_from_list_by_index(entity_id list[], unsigned ix) {
 550:	00000317          	auipc	x6,0x0
 554:	ecc30067          	jalr	x0,-308(x6) # 41c <remove_object_from_list_by_index>

00000558 <action_take>:
#       return;
#     ptr++;
#   }
# }
# 
# void action_take(entity_id eid, const char *object_name) {
 558:	fd010113          	addi	x2,x2,-48
 55c:	01312e23          	sw	x19,28(x2)
 560:	00050993          	addi	x19,x10,0
 564:	02912223          	sw	x9,36(x2)
#   entity *ent = &entities[eid];
#   object_id *objs = locations[ent->location].objects;
 568:	00299493          	slli	x9,x19,0x2
 56c:	00002537          	lui	x10,0x2
 570:	01348733          	add	x14,x9,x19
 574:	55850793          	addi	x15,x10,1368 # 2558 <entities>
 578:	00371713          	slli	x14,x14,0x3
 57c:	00e787b3          	add	x15,x15,x14
 580:	0047c783          	lbu	x15,4(x15)
# void action_take(entity_id eid, const char *object_name) {
 584:	02812423          	sw	x8,40(x2)
 588:	01612823          	sw	x22,16(x2)
#   object_id *objs = locations[ent->location].objects;
 58c:	00379413          	slli	x8,x15,0x3
 590:	00f40433          	add	x8,x8,x15
 594:	00241413          	slli	x8,x8,0x2
 598:	00f40433          	add	x8,x8,x15
 59c:	00241413          	slli	x8,x8,0x2
 5a0:	000027b7          	lui	x15,0x2
 5a4:	00440413          	addi	x8,x8,4
 5a8:	27478793          	addi	x15,x15,628 # 2274 <locations>
#   for (unsigned i = 0; i < LOCATION_MAX_OBJECTS; i++) {
#     const object_id oid = objs[i];
#     if (!oid)
#       break;
#     if (!strings_equal(objects[oid].name, object_name))
 5ac:	00002b37          	lui	x22,0x2
# void action_take(entity_id eid, const char *object_name) {
 5b0:	03212023          	sw	x18,32(x2)
 5b4:	01412c23          	sw	x20,24(x2)
 5b8:	01512a23          	sw	x21,20(x2)
 5bc:	02112623          	sw	x1,44(x2)
 5c0:	00058a13          	addi	x20,x11,0
#   object_id *objs = locations[ent->location].objects;
 5c4:	00f40433          	add	x8,x8,x15
#   for (unsigned i = 0; i < LOCATION_MAX_OBJECTS; i++) {
 5c8:	00000913          	addi	x18,x0,0
 5cc:	55850a93          	addi	x21,x10,1368
#     if (!strings_equal(objects[oid].name, object_name))
 5d0:	5d0b0b13          	addi	x22,x22,1488 # 25d0 <objects>
#     const object_id oid = objs[i];
 5d4:	012407b3          	add	x15,x8,x18
 5d8:	0007c603          	lbu	x12,0(x15)
#     if (!oid)
 5dc:	02060a63          	beq	x12,x0,610 <action_take+0xb8>
#     if (!strings_equal(objects[oid].name, object_name))
 5e0:	00261793          	slli	x15,x12,0x2
 5e4:	00fb07b3          	add	x15,x22,x15
 5e8:	0007a503          	lw	x10,0(x15)
 5ec:	000a0593          	addi	x11,x20,0
 5f0:	00c12623          	sw	x12,12(x2)
 5f4:	00000097          	auipc	x1,0x0
 5f8:	adc080e7          	jalr	x1,-1316(x1) # d0 <strings_equal>
 5fc:	00c12603          	lw	x12,12(x2)
 600:	04051863          	bne	x10,x0,650 <action_take+0xf8>
#   for (unsigned i = 0; i < LOCATION_MAX_OBJECTS; i++) {
 604:	00190913          	addi	x18,x18,1
 608:	08000793          	addi	x15,x0,128
 60c:	fcf914e3          	bne	x18,x15,5d4 <action_take+0x7c>
#     if (add_object_to_list(ent->objects, ENTITY_MAX_OBJECTS, oid)) {
#       remove_object_from_list_by_index(objs, i);
#     }
#     return;
#   }
#   uart_send_str(object_name);
 610:	000a0513          	addi	x10,x20,0
 614:	00001097          	auipc	x1,0x1
 618:	888080e7          	jalr	x1,-1912(x1) # e9c <uart_send_str>
#   uart_send_str(" not here\r\n\r\n");
# }
 61c:	02812403          	lw	x8,40(x2)
 620:	02c12083          	lw	x1,44(x2)
 624:	02412483          	lw	x9,36(x2)
 628:	02012903          	lw	x18,32(x2)
 62c:	01c12983          	lw	x19,28(x2)
 630:	01812a03          	lw	x20,24(x2)
 634:	01412a83          	lw	x21,20(x2)
 638:	01012b03          	lw	x22,16(x2)
#   uart_send_str(" not here\r\n\r\n");
 63c:	00001537          	lui	x10,0x1
 640:	08850513          	addi	x10,x10,136 # 1088 <delay+0x140>
# }
 644:	03010113          	addi	x2,x2,48
#   uart_send_str(" not here\r\n\r\n");
 648:	00001317          	auipc	x6,0x1
 64c:	85430067          	jalr	x0,-1964(x6) # e9c <uart_send_str>
#     if (add_object_to_list(ent->objects, ENTITY_MAX_OBJECTS, oid)) {
 650:	01348533          	add	x10,x9,x19
 654:	00351513          	slli	x10,x10,0x3
 658:	00550513          	addi	x10,x10,5
 65c:	02000593          	addi	x11,x0,32
 660:	00aa8533          	add	x10,x21,x10
 664:	00000097          	auipc	x1,0x0
 668:	dd4080e7          	jalr	x1,-556(x1) # 438 <add_object_to_list>
 66c:	02050c63          	beq	x10,x0,6a4 <action_take+0x14c>
#       remove_object_from_list_by_index(objs, i);
 670:	00040513          	addi	x10,x8,0
# }
 674:	02812403          	lw	x8,40(x2)
 678:	02c12083          	lw	x1,44(x2)
 67c:	02412483          	lw	x9,36(x2)
 680:	01c12983          	lw	x19,28(x2)
 684:	01812a03          	lw	x20,24(x2)
 688:	01412a83          	lw	x21,20(x2)
 68c:	01012b03          	lw	x22,16(x2)
#       remove_object_from_list_by_index(objs, i);
 690:	00090593          	addi	x11,x18,0
# }
 694:	02012903          	lw	x18,32(x2)
 698:	03010113          	addi	x2,x2,48
#       remove_object_from_list_by_index(objs, i);
 69c:	00000317          	auipc	x6,0x0
 6a0:	d8030067          	jalr	x0,-640(x6) # 41c <remove_object_from_list_by_index>
# }
 6a4:	02c12083          	lw	x1,44(x2)
 6a8:	02812403          	lw	x8,40(x2)
 6ac:	02412483          	lw	x9,36(x2)
 6b0:	02012903          	lw	x18,32(x2)
 6b4:	01c12983          	lw	x19,28(x2)
 6b8:	01812a03          	lw	x20,24(x2)
 6bc:	01412a83          	lw	x21,20(x2)
 6c0:	01012b03          	lw	x22,16(x2)
 6c4:	03010113          	addi	x2,x2,48
 6c8:	00008067          	jalr	x0,0(x1)

000006cc <action_drop>:
# 
# void action_drop(entity_id eid, const char *object_name) {
 6cc:	fd010113          	addi	x2,x2,-48
 6d0:	03212023          	sw	x18,32(x2)
#   entity *ent = &entities[eid];
#   object_id *objs = ent->objects;
 6d4:	00251913          	slli	x18,x10,0x2
# void action_drop(entity_id eid, const char *object_name) {
 6d8:	02812423          	sw	x8,40(x2)
#   object_id *objs = ent->objects;
 6dc:	00a90433          	add	x8,x18,x10
 6e0:	000027b7          	lui	x15,0x2
 6e4:	00341413          	slli	x8,x8,0x3
# void action_drop(entity_id eid, const char *object_name) {
 6e8:	01612823          	sw	x22,16(x2)
#   object_id *objs = ent->objects;
 6ec:	00540413          	addi	x8,x8,5
 6f0:	55878713          	addi	x14,x15,1368 # 2558 <entities>
#   for (unsigned i = 0; i < ENTITY_MAX_OBJECTS; i++) {
#     const object_id oid = objs[i];
#     if (!oid)
#       break;
#     if (!strings_equal(objects[oid].name, object_name))
 6f4:	00002b37          	lui	x22,0x2
# void action_drop(entity_id eid, const char *object_name) {
 6f8:	02912223          	sw	x9,36(x2)
 6fc:	01312e23          	sw	x19,28(x2)
 700:	01412c23          	sw	x20,24(x2)
 704:	01512a23          	sw	x21,20(x2)
 708:	02112623          	sw	x1,44(x2)
 70c:	00050a13          	addi	x20,x10,0
 710:	00058a93          	addi	x21,x11,0
#   object_id *objs = ent->objects;
 714:	00e40433          	add	x8,x8,x14
#   for (unsigned i = 0; i < ENTITY_MAX_OBJECTS; i++) {
 718:	00000993          	addi	x19,x0,0
 71c:	55878493          	addi	x9,x15,1368
#     if (!strings_equal(objects[oid].name, object_name))
 720:	5d0b0b13          	addi	x22,x22,1488 # 25d0 <objects>
#     const object_id oid = objs[i];
 724:	013407b3          	add	x15,x8,x19
 728:	0007c603          	lbu	x12,0(x15)
#     if (!oid)
 72c:	02060a63          	beq	x12,x0,760 <action_drop+0x94>
#     if (!strings_equal(objects[oid].name, object_name))
 730:	00261793          	slli	x15,x12,0x2
 734:	00fb07b3          	add	x15,x22,x15
 738:	0007a503          	lw	x10,0(x15)
 73c:	000a8593          	addi	x11,x21,0
 740:	00c12623          	sw	x12,12(x2)
 744:	00000097          	auipc	x1,0x0
 748:	98c080e7          	jalr	x1,-1652(x1) # d0 <strings_equal>
 74c:	00c12603          	lw	x12,12(x2)
 750:	06051063          	bne	x10,x0,7b0 <action_drop+0xe4>
#   for (unsigned i = 0; i < ENTITY_MAX_OBJECTS; i++) {
 754:	00198993          	addi	x19,x19,1
 758:	02000793          	addi	x15,x0,32
 75c:	fcf994e3          	bne	x19,x15,724 <action_drop+0x58>
#                            LOCATION_MAX_OBJECTS, oid)) {
#       remove_object_from_list_by_index(objs, i);
#     }
#     return;
#   }
#   uart_send_str("u don't have ");
 760:	00001537          	lui	x10,0x1
 764:	09850513          	addi	x10,x10,152 # 1098 <delay+0x150>
 768:	00000097          	auipc	x1,0x0
 76c:	734080e7          	jalr	x1,1844(x1) # e9c <uart_send_str>
#   uart_send_str(object_name);
 770:	000a8513          	addi	x10,x21,0
 774:	00000097          	auipc	x1,0x0
 778:	728080e7          	jalr	x1,1832(x1) # e9c <uart_send_str>
#   uart_send_str("\r\n\r\n");
# }
 77c:	02812403          	lw	x8,40(x2)
 780:	02c12083          	lw	x1,44(x2)
 784:	02412483          	lw	x9,36(x2)
 788:	02012903          	lw	x18,32(x2)
 78c:	01c12983          	lw	x19,28(x2)
 790:	01812a03          	lw	x20,24(x2)
 794:	01412a83          	lw	x21,20(x2)
 798:	01012b03          	lw	x22,16(x2)
#   uart_send_str("\r\n\r\n");
 79c:	00001537          	lui	x10,0x1
 7a0:	f9050513          	addi	x10,x10,-112 # f90 <delay+0x48>
# }
 7a4:	03010113          	addi	x2,x2,48
#   uart_send_str("\r\n\r\n");
 7a8:	00000317          	auipc	x6,0x0
 7ac:	6f430067          	jalr	x0,1780(x6) # e9c <uart_send_str>
#     if (add_object_to_list(locations[ent->location].objects,
 7b0:	01490933          	add	x18,x18,x20
 7b4:	00391913          	slli	x18,x18,0x3
 7b8:	012487b3          	add	x15,x9,x18
 7bc:	0047c703          	lbu	x14,4(x15)
 7c0:	00002537          	lui	x10,0x2
 7c4:	27450513          	addi	x10,x10,628 # 2274 <locations>
 7c8:	00371793          	slli	x15,x14,0x3
 7cc:	00e787b3          	add	x15,x15,x14
 7d0:	00279793          	slli	x15,x15,0x2
 7d4:	00e787b3          	add	x15,x15,x14
 7d8:	00279793          	slli	x15,x15,0x2
 7dc:	00478793          	addi	x15,x15,4
 7e0:	08000593          	addi	x11,x0,128
 7e4:	00f50533          	add	x10,x10,x15
 7e8:	00000097          	auipc	x1,0x0
 7ec:	c50080e7          	jalr	x1,-944(x1) # 438 <add_object_to_list>
 7f0:	02050c63          	beq	x10,x0,828 <action_drop+0x15c>
#       remove_object_from_list_by_index(objs, i);
 7f4:	00040513          	addi	x10,x8,0
# }
 7f8:	02812403          	lw	x8,40(x2)
 7fc:	02c12083          	lw	x1,44(x2)
 800:	02412483          	lw	x9,36(x2)
 804:	02012903          	lw	x18,32(x2)
 808:	01812a03          	lw	x20,24(x2)
 80c:	01412a83          	lw	x21,20(x2)
 810:	01012b03          	lw	x22,16(x2)
#       remove_object_from_list_by_index(objs, i);
 814:	00098593          	addi	x11,x19,0
# }
 818:	01c12983          	lw	x19,28(x2)
 81c:	03010113          	addi	x2,x2,48
#       remove_object_from_list_by_index(objs, i);
 820:	00000317          	auipc	x6,0x0
 824:	bfc30067          	jalr	x0,-1028(x6) # 41c <remove_object_from_list_by_index>
# }
 828:	02c12083          	lw	x1,44(x2)
 82c:	02812403          	lw	x8,40(x2)
 830:	02412483          	lw	x9,36(x2)
 834:	02012903          	lw	x18,32(x2)
 838:	01c12983          	lw	x19,28(x2)
 83c:	01812a03          	lw	x20,24(x2)
 840:	01412a83          	lw	x21,20(x2)
 844:	01012b03          	lw	x22,16(x2)
 848:	03010113          	addi	x2,x2,48
 84c:	00008067          	jalr	x0,0(x1)

00000850 <action_go>:
# 
# void action_go(entity_id eid, unsigned char dir) {
 850:	fe010113          	addi	x2,x2,-32
#   entity *ent = &entities[eid];
#   location *loc = &locations[ent->location];
 854:	00251793          	slli	x15,x10,0x2
# void action_go(entity_id eid, unsigned char dir) {
 858:	00912a23          	sw	x9,20(x2)
#   location *loc = &locations[ent->location];
 85c:	00a787b3          	add	x15,x15,x10
 860:	000024b7          	lui	x9,0x2
 864:	00379793          	slli	x15,x15,0x3
 868:	55848493          	addi	x9,x9,1368 # 2558 <entities>
 86c:	00f484b3          	add	x9,x9,x15
 870:	0044c783          	lbu	x15,4(x9)
# void action_go(entity_id eid, unsigned char dir) {
 874:	00812c23          	sw	x8,24(x2)
 878:	01312623          	sw	x19,12(x2)
#   location_id to = loc->exits[dir];
 87c:	00379413          	slli	x8,x15,0x3
 880:	00f40433          	add	x8,x8,x15
 884:	00241413          	slli	x8,x8,0x2
 888:	00f40433          	add	x8,x8,x15
 88c:	000029b7          	lui	x19,0x2
 890:	27498993          	addi	x19,x19,628 # 2274 <locations>
 894:	00241413          	slli	x8,x8,0x2
 898:	008987b3          	add	x15,x19,x8
 89c:	00b787b3          	add	x15,x15,x11
# void action_go(entity_id eid, unsigned char dir) {
 8a0:	01212823          	sw	x18,16(x2)
#   location_id to = loc->exits[dir];
 8a4:	08c7c903          	lbu	x18,140(x15)
# void action_go(entity_id eid, unsigned char dir) {
 8a8:	00112e23          	sw	x1,28(x2)
 8ac:	01412423          	sw	x20,8(x2)
#   if (!to) {
 8b0:	02091863          	bne	x18,x0,8e0 <action_go+0x90>
#                          active_entity)) {
#     remove_entity_from_list(loc->entities, LOCATION_MAX_ENTITIES,
#                             active_entity);
#     ent->location = to;
#   }
# }
 8b4:	01812403          	lw	x8,24(x2)
 8b8:	01c12083          	lw	x1,28(x2)
 8bc:	01412483          	lw	x9,20(x2)
 8c0:	01012903          	lw	x18,16(x2)
 8c4:	00c12983          	lw	x19,12(x2)
 8c8:	00812a03          	lw	x20,8(x2)
#     uart_send_str("cannot go there\r\n\r\n");
 8cc:	00001537          	lui	x10,0x1
 8d0:	0a850513          	addi	x10,x10,168 # 10a8 <delay+0x160>
# }
 8d4:	02010113          	addi	x2,x2,32
#     uart_send_str("cannot go there\r\n\r\n");
 8d8:	00000317          	auipc	x6,0x0
 8dc:	5c430067          	jalr	x0,1476(x6) # e9c <uart_send_str>
#   if (add_entity_to_list(locations[to].entities, LOCATION_MAX_ENTITIES,
 8e0:	00391513          	slli	x10,x18,0x3
 8e4:	01250533          	add	x10,x10,x18
 8e8:	00251513          	slli	x10,x10,0x2
 8ec:	00002a37          	lui	x20,0x2
 8f0:	01250533          	add	x10,x10,x18
 8f4:	00251513          	slli	x10,x10,0x2
 8f8:	5f0a4603          	lbu	x12,1520(x20) # 25f0 <active_entity>
 8fc:	08450513          	addi	x10,x10,132
 900:	00800593          	addi	x11,x0,8
 904:	00a98533          	add	x10,x19,x10
 908:	00000097          	auipc	x1,0x0
 90c:	b90080e7          	jalr	x1,-1136(x1) # 498 <add_entity_to_list>
 910:	02050063          	beq	x10,x0,930 <action_go+0xe0>
#     remove_entity_from_list(loc->entities, LOCATION_MAX_ENTITIES,
 914:	5f0a4603          	lbu	x12,1520(x20)
 918:	08440513          	addi	x10,x8,132
 91c:	00800593          	addi	x11,x0,8
 920:	00a98533          	add	x10,x19,x10
 924:	00000097          	auipc	x1,0x0
 928:	bd4080e7          	jalr	x1,-1068(x1) # 4f8 <remove_entity_from_list>
#     ent->location = to;
 92c:	01248223          	sb	x18,4(x9)
# }
 930:	01c12083          	lw	x1,28(x2)
 934:	01812403          	lw	x8,24(x2)
 938:	01412483          	lw	x9,20(x2)
 93c:	01012903          	lw	x18,16(x2)
 940:	00c12983          	lw	x19,12(x2)
 944:	00812a03          	lw	x20,8(x2)
 948:	02010113          	addi	x2,x2,32
 94c:	00008067          	jalr	x0,0(x1)

00000950 <action_give>:
# 
# void action_give(entity_id eid, const char *object_name,
#                  const char *entity_name) {
 950:	fc010113          	addi	x2,x2,-64
 954:	02912a23          	sw	x9,52(x2)
#   entity *ent = &entities[eid];
#   location *loc = &locations[ent->location];
 958:	00251493          	slli	x9,x10,0x2
#                  const char *entity_name) {
 95c:	03412423          	sw	x20,40(x2)
#   location *loc = &locations[ent->location];
 960:	00a48733          	add	x14,x9,x10
 964:	00002a37          	lui	x20,0x2
 968:	558a0793          	addi	x15,x20,1368 # 2558 <entities>
 96c:	00371713          	slli	x14,x14,0x3
 970:	00e787b3          	add	x15,x15,x14
 974:	0047c783          	lbu	x15,4(x15)
#                  const char *entity_name) {
 978:	02812c23          	sw	x8,56(x2)
 97c:	01912a23          	sw	x25,20(x2)
 980:	00379413          	slli	x8,x15,0x3
 984:	00f40433          	add	x8,x8,x15
 988:	00241413          	slli	x8,x8,0x2
 98c:	00f40433          	add	x8,x8,x15
 990:	00241413          	slli	x8,x8,0x2
#   entity_id *ents = loc->entities;
#   for (unsigned i = 0; i < LOCATION_MAX_ENTITIES; i++) {
#     if (!ents[i])
 994:	00002cb7          	lui	x25,0x2
#                  const char *entity_name) {
 998:	03212823          	sw	x18,48(x2)
 99c:	03512223          	sw	x21,36(x2)
 9a0:	03612023          	sw	x22,32(x2)
 9a4:	01812c23          	sw	x24,24(x2)
 9a8:	02112e23          	sw	x1,60(x2)
 9ac:	03312623          	sw	x19,44(x2)
 9b0:	01712e23          	sw	x23,28(x2)
 9b4:	00050a93          	addi	x21,x10,0
 9b8:	00058913          	addi	x18,x11,0
 9bc:	00060b13          	addi	x22,x12,0
 9c0:	08440413          	addi	x8,x8,132
#   for (unsigned i = 0; i < LOCATION_MAX_ENTITIES; i++) {
 9c4:	00000c13          	addi	x24,x0,0
 9c8:	558a0a13          	addi	x20,x20,1368
#     if (!ents[i])
 9cc:	274c8c93          	addi	x25,x25,628 # 2274 <locations>
 9d0:	018407b3          	add	x15,x8,x24
 9d4:	019787b3          	add	x15,x15,x25
 9d8:	0007cb83          	lbu	x23,0(x15)
 9dc:	020b8a63          	beq	x23,x0,a10 <action_give+0xc0>
#       break;
#     entity *to = &entities[ents[i]];
#     if (!strings_equal(to->name, entity_name))
 9e0:	002b9993          	slli	x19,x23,0x2
 9e4:	017987b3          	add	x15,x19,x23
 9e8:	00379793          	slli	x15,x15,0x3
 9ec:	00fa07b3          	add	x15,x20,x15
 9f0:	0007a503          	lw	x10,0(x15)
 9f4:	000b0593          	addi	x11,x22,0
 9f8:	fffff097          	auipc	x1,0xfffff
 9fc:	6d8080e7          	jalr	x1,1752(x1) # d0 <strings_equal>
 a00:	02051463          	bne	x10,x0,a28 <action_give+0xd8>
#   for (unsigned i = 0; i < LOCATION_MAX_ENTITIES; i++) {
 a04:	001c0c13          	addi	x24,x24,1
 a08:	00800793          	addi	x15,x0,8
 a0c:	fcfc12e3          	bne	x24,x15,9d0 <action_give+0x80>
#     }
#     uart_send_str(object_name);
#     uart_send_str(" not in inventory\r\n\r\n");
#     return;
#   }
#   uart_send_str(entity_name);
 a10:	000b0513          	addi	x10,x22,0
 a14:	00000097          	auipc	x1,0x0
 a18:	488080e7          	jalr	x1,1160(x1) # e9c <uart_send_str>
#   uart_send_str(" is not here\r\n\r\n");
 a1c:	00001537          	lui	x10,0x1
 a20:	0d450513          	addi	x10,x10,212 # 10d4 <delay+0x18c>
 a24:	0700006f          	jal	x0,a94 <action_give+0x144>
#     object_id *objs = ent->objects;
 a28:	01548433          	add	x8,x9,x21
 a2c:	00341413          	slli	x8,x8,0x3
 a30:	00540413          	addi	x8,x8,5
#       if (!strings_equal(objects[oid].name, object_name))
 a34:	00002ab7          	lui	x21,0x2
#     object_id *objs = ent->objects;
 a38:	008a0433          	add	x8,x20,x8
#     for (unsigned j = 0; j < ENTITY_MAX_OBJECTS; j++) {
 a3c:	00000493          	addi	x9,x0,0
#       if (!strings_equal(objects[oid].name, object_name))
 a40:	5d0a8a93          	addi	x21,x21,1488 # 25d0 <objects>
#       const object_id oid = objs[j];
 a44:	009407b3          	add	x15,x8,x9
 a48:	0007c603          	lbu	x12,0(x15)
#       if (!oid)
 a4c:	02060a63          	beq	x12,x0,a80 <action_give+0x130>
#       if (!strings_equal(objects[oid].name, object_name))
 a50:	00261793          	slli	x15,x12,0x2
 a54:	00fa87b3          	add	x15,x21,x15
 a58:	0007a503          	lw	x10,0(x15)
 a5c:	00090593          	addi	x11,x18,0
 a60:	00c12623          	sw	x12,12(x2)
 a64:	fffff097          	auipc	x1,0xfffff
 a68:	66c080e7          	jalr	x1,1644(x1) # d0 <strings_equal>
 a6c:	00c12603          	lw	x12,12(x2)
 a70:	04051e63          	bne	x10,x0,acc <action_give+0x17c>
#     for (unsigned j = 0; j < ENTITY_MAX_OBJECTS; j++) {
 a74:	00148493          	addi	x9,x9,1
 a78:	02000793          	addi	x15,x0,32
 a7c:	fcf494e3          	bne	x9,x15,a44 <action_give+0xf4>
#     uart_send_str(object_name);
 a80:	00090513          	addi	x10,x18,0
 a84:	00000097          	auipc	x1,0x0
 a88:	418080e7          	jalr	x1,1048(x1) # e9c <uart_send_str>
#     uart_send_str(" not in inventory\r\n\r\n");
 a8c:	00001537          	lui	x10,0x1
 a90:	0bc50513          	addi	x10,x10,188 # 10bc <delay+0x174>
# }
 a94:	03812403          	lw	x8,56(x2)
 a98:	03c12083          	lw	x1,60(x2)
 a9c:	03412483          	lw	x9,52(x2)
 aa0:	03012903          	lw	x18,48(x2)
 aa4:	02c12983          	lw	x19,44(x2)
 aa8:	02812a03          	lw	x20,40(x2)
 aac:	02412a83          	lw	x21,36(x2)
 ab0:	02012b03          	lw	x22,32(x2)
 ab4:	01c12b83          	lw	x23,28(x2)
 ab8:	01812c03          	lw	x24,24(x2)
 abc:	01412c83          	lw	x25,20(x2)
 ac0:	04010113          	addi	x2,x2,64
#   uart_send_str(" is not here\r\n\r\n");
 ac4:	00000317          	auipc	x6,0x0
 ac8:	3d830067          	jalr	x0,984(x6) # e9c <uart_send_str>
#       if (add_object_to_list(to->objects, ENTITY_MAX_OBJECTS, oid)) {
 acc:	01798533          	add	x10,x19,x23
 ad0:	00351513          	slli	x10,x10,0x3
 ad4:	00550513          	addi	x10,x10,5
 ad8:	02000593          	addi	x11,x0,32
 adc:	00aa0533          	add	x10,x20,x10
 ae0:	00000097          	auipc	x1,0x0
 ae4:	958080e7          	jalr	x1,-1704(x1) # 438 <add_object_to_list>
 ae8:	04050263          	beq	x10,x0,b2c <action_give+0x1dc>
#         remove_object_from_list_by_index(objs, j);
 aec:	00040513          	addi	x10,x8,0
# }
 af0:	03812403          	lw	x8,56(x2)
 af4:	03c12083          	lw	x1,60(x2)
 af8:	03012903          	lw	x18,48(x2)
 afc:	02c12983          	lw	x19,44(x2)
 b00:	02812a03          	lw	x20,40(x2)
 b04:	02412a83          	lw	x21,36(x2)
 b08:	02012b03          	lw	x22,32(x2)
 b0c:	01c12b83          	lw	x23,28(x2)
 b10:	01812c03          	lw	x24,24(x2)
 b14:	01412c83          	lw	x25,20(x2)
#         remove_object_from_list_by_index(objs, j);
 b18:	00048593          	addi	x11,x9,0
# }
 b1c:	03412483          	lw	x9,52(x2)
 b20:	04010113          	addi	x2,x2,64
#         remove_object_from_list_by_index(objs, j);
 b24:	00000317          	auipc	x6,0x0
 b28:	8f830067          	jalr	x0,-1800(x6) # 41c <remove_object_from_list_by_index>
# }
 b2c:	03c12083          	lw	x1,60(x2)
 b30:	03812403          	lw	x8,56(x2)
 b34:	03412483          	lw	x9,52(x2)
 b38:	03012903          	lw	x18,48(x2)
 b3c:	02c12983          	lw	x19,44(x2)
 b40:	02812a03          	lw	x20,40(x2)
 b44:	02412a83          	lw	x21,36(x2)
 b48:	02012b03          	lw	x22,32(x2)
 b4c:	01c12b83          	lw	x23,28(x2)
 b50:	01812c03          	lw	x24,24(x2)
 b54:	01412c83          	lw	x25,20(x2)
 b58:	04010113          	addi	x2,x2,64
 b5c:	00008067          	jalr	x0,0(x1)

00000b60 <print_help>:
# 
# void print_help() {
#   uart_send_str(
 b60:	00001537          	lui	x10,0x1
 b64:	0e850513          	addi	x10,x10,232 # 10e8 <delay+0x1a0>
 b68:	00000317          	auipc	x6,0x0
 b6c:	33430067          	jalr	x0,820(x6) # e9c <uart_send_str>

00000b70 <handle_inbuf>:
#       "inventory\r\n  t <object>: take object\r\n  d <object>: drop "
#       "object\r\n  g <object> <entity>: give object to entity\r\n  help: this "
#       "message\r\n\r\n");
# }
# 
# void handle_inbuf() {
 b70:	fd010113          	addi	x2,x2,-48
#   const char *words[8];
#   char *ptr = inbuf.line;
 b74:	000027b7          	lui	x15,0x2
# void handle_inbuf() {
 b78:	02912223          	sw	x9,36(x2)
 b7c:	02112623          	sw	x1,44(x2)
 b80:	02812423          	sw	x8,40(x2)
 b84:	00010713          	addi	x14,x2,0
#   unsigned nwords = 0;
 b88:	00000493          	addi	x9,x0,0
#   char *ptr = inbuf.line;
 b8c:	5f478793          	addi	x15,x15,1524 # 25f4 <inbuf>
#   while (1) {
#     words[nwords++] = ptr;
#     while (*ptr && *ptr != ' ') {
 b90:	02000513          	addi	x10,x0,32
#     }
#     if (!*ptr)
#       break;
#     *ptr = 0;
#     ptr++;
#     if (nwords == sizeof(words) / sizeof(const char *)) {
 b94:	00800593          	addi	x11,x0,8
#     words[nwords++] = ptr;
 b98:	00148493          	addi	x9,x9,1
 b9c:	00f72023          	sw	x15,0(x14)
#     while (*ptr && *ptr != ' ') {
 ba0:	0007c603          	lbu	x12,0(x15)
#       ptr++;
 ba4:	00078693          	addi	x13,x15,0
#     while (*ptr && *ptr != ' ') {
 ba8:	02060463          	beq	x12,x0,bd0 <handle_inbuf+0x60>
#       ptr++;
 bac:	00178793          	addi	x15,x15,1
#     while (*ptr && *ptr != ' ') {
 bb0:	fea618e3          	bne	x12,x10,ba0 <handle_inbuf+0x30>
#     *ptr = 0;
 bb4:	00068023          	sb	x0,0(x13)
#     if (nwords == sizeof(words) / sizeof(const char *)) {
 bb8:	00470713          	addi	x14,x14,4
 bbc:	fcb49ee3          	bne	x9,x11,b98 <handle_inbuf+0x28>
#       uart_send_str("too many words, some ignored\r\n\r\n");
 bc0:	00001537          	lui	x10,0x1
 bc4:	1bc50513          	addi	x10,x10,444 # 11bc <delay+0x274>
 bc8:	00000097          	auipc	x1,0x0
 bcc:	2d4080e7          	jalr	x1,724(x1) # e9c <uart_send_str>
#   }
#   //  for (unsigned i = 0; i < nwords; i++) {
#   //    uart_send_str(words[i]);
#   //    uart_send_str("\r\n");
#   //  }
#   if (strings_equal(words[0], "help")) {
 bd0:	00012403          	lw	x8,0(x2)
 bd4:	000015b7          	lui	x11,0x1
 bd8:	1e058593          	addi	x11,x11,480 # 11e0 <delay+0x298>
 bdc:	00040513          	addi	x10,x8,0
 be0:	fffff097          	auipc	x1,0xfffff
 be4:	4f0080e7          	jalr	x1,1264(x1) # d0 <strings_equal>
 be8:	00050e63          	beq	x10,x0,c04 <handle_inbuf+0x94>
#     }
#     action_give(active_entity, words[1], words[2]);
#   } else {
#     uart_send_str("not understood\r\n\r\n");
#   }
# }
 bec:	02812403          	lw	x8,40(x2)
 bf0:	02c12083          	lw	x1,44(x2)
 bf4:	02412483          	lw	x9,36(x2)
 bf8:	03010113          	addi	x2,x2,48
#     print_help();
 bfc:	00000317          	auipc	x6,0x0
 c00:	f6430067          	jalr	x0,-156(x6) # b60 <print_help>
#   } else if (strings_equal(words[0], "i")) {
 c04:	000015b7          	lui	x11,0x1
 c08:	1e858593          	addi	x11,x11,488 # 11e8 <delay+0x2a0>
 c0c:	00040513          	addi	x10,x8,0
 c10:	fffff097          	auipc	x1,0xfffff
 c14:	4c0080e7          	jalr	x1,1216(x1) # d0 <strings_equal>
 c18:	02050a63          	beq	x10,x0,c4c <handle_inbuf+0xdc>
#     print_inventory(active_entity);
 c1c:	000027b7          	lui	x15,0x2
 c20:	5f07c503          	lbu	x10,1520(x15) # 25f0 <active_entity>
 c24:	fffff097          	auipc	x1,0xfffff
 c28:	710080e7          	jalr	x1,1808(x1) # 334 <print_inventory>
#     uart_send_str("\r\n");
 c2c:	00001537          	lui	x10,0x1
 c30:	25850513          	addi	x10,x10,600 # 1258 <delay+0x310>
# }
 c34:	02812403          	lw	x8,40(x2)
 c38:	02c12083          	lw	x1,44(x2)
 c3c:	02412483          	lw	x9,36(x2)
 c40:	03010113          	addi	x2,x2,48
#     uart_send_str("not understood\r\n\r\n");
 c44:	00000317          	auipc	x6,0x0
 c48:	25830067          	jalr	x0,600(x6) # e9c <uart_send_str>
#   } else if (strings_equal(words[0], "t")) {
 c4c:	000015b7          	lui	x11,0x1
 c50:	1ec58593          	addi	x11,x11,492 # 11ec <delay+0x2a4>
 c54:	00040513          	addi	x10,x8,0
 c58:	fffff097          	auipc	x1,0xfffff
 c5c:	478080e7          	jalr	x1,1144(x1) # d0 <strings_equal>
 c60:	02050e63          	beq	x10,x0,c9c <handle_inbuf+0x12c>
#     if (nwords < 2) {
 c64:	00100793          	addi	x15,x0,1
 c68:	00f49863          	bne	x9,x15,c78 <handle_inbuf+0x108>
#       uart_send_str("take what\r\n\r\n");
 c6c:	00001537          	lui	x10,0x1
 c70:	1f050513          	addi	x10,x10,496 # 11f0 <delay+0x2a8>
 c74:	fc1ff06f          	jal	x0,c34 <handle_inbuf+0xc4>
# }
 c78:	02812403          	lw	x8,40(x2)
#     action_take(active_entity, words[1]);
 c7c:	000027b7          	lui	x15,0x2
 c80:	00412583          	lw	x11,4(x2)
# }
 c84:	02c12083          	lw	x1,44(x2)
 c88:	02412483          	lw	x9,36(x2)
#     action_take(active_entity, words[1]);
 c8c:	5f07c503          	lbu	x10,1520(x15) # 25f0 <active_entity>
# }
 c90:	03010113          	addi	x2,x2,48
#     action_take(active_entity, words[1]);
 c94:	00000317          	auipc	x6,0x0
 c98:	8c430067          	jalr	x0,-1852(x6) # 558 <action_take>
#   } else if (strings_equal(words[0], "d")) {
 c9c:	000015b7          	lui	x11,0x1
 ca0:	20058593          	addi	x11,x11,512 # 1200 <delay+0x2b8>
 ca4:	00040513          	addi	x10,x8,0
 ca8:	fffff097          	auipc	x1,0xfffff
 cac:	428080e7          	jalr	x1,1064(x1) # d0 <strings_equal>
 cb0:	02050e63          	beq	x10,x0,cec <handle_inbuf+0x17c>
#     if (nwords < 2) {
 cb4:	00100793          	addi	x15,x0,1
 cb8:	00f49863          	bne	x9,x15,cc8 <handle_inbuf+0x158>
#       uart_send_str("drop what\r\n\r\n");
 cbc:	00001537          	lui	x10,0x1
 cc0:	20450513          	addi	x10,x10,516 # 1204 <delay+0x2bc>
 cc4:	f71ff06f          	jal	x0,c34 <handle_inbuf+0xc4>
# }
 cc8:	02812403          	lw	x8,40(x2)
#     action_drop(active_entity, words[1]);
 ccc:	000027b7          	lui	x15,0x2
 cd0:	00412583          	lw	x11,4(x2)
# }
 cd4:	02c12083          	lw	x1,44(x2)
 cd8:	02412483          	lw	x9,36(x2)
#     action_drop(active_entity, words[1]);
 cdc:	5f07c503          	lbu	x10,1520(x15) # 25f0 <active_entity>
# }
 ce0:	03010113          	addi	x2,x2,48
#     action_drop(active_entity, words[1]);
 ce4:	00000317          	auipc	x6,0x0
 ce8:	9e830067          	jalr	x0,-1560(x6) # 6cc <action_drop>
#   } else if (strings_equal(words[0], "n")) {
 cec:	000015b7          	lui	x11,0x1
 cf0:	21458593          	addi	x11,x11,532 # 1214 <delay+0x2cc>
 cf4:	00040513          	addi	x10,x8,0
 cf8:	fffff097          	auipc	x1,0xfffff
 cfc:	3d8080e7          	jalr	x1,984(x1) # d0 <strings_equal>
#     action_go(active_entity, 0);
 d00:	00000593          	addi	x11,x0,0
#   } else if (strings_equal(words[0], "n")) {
 d04:	04051c63          	bne	x10,x0,d5c <handle_inbuf+0x1ec>
#   } else if (strings_equal(words[0], "e")) {
 d08:	000015b7          	lui	x11,0x1
 d0c:	fc858593          	addi	x11,x11,-56 # fc8 <delay+0x80>
 d10:	00040513          	addi	x10,x8,0
 d14:	fffff097          	auipc	x1,0xfffff
 d18:	3bc080e7          	jalr	x1,956(x1) # d0 <strings_equal>
#     action_go(active_entity, 1);
 d1c:	00100593          	addi	x11,x0,1
#   } else if (strings_equal(words[0], "e")) {
 d20:	02051e63          	bne	x10,x0,d5c <handle_inbuf+0x1ec>
#   } else if (strings_equal(words[0], "s")) {
 d24:	000015b7          	lui	x11,0x1
 d28:	21858593          	addi	x11,x11,536 # 1218 <delay+0x2d0>
 d2c:	00040513          	addi	x10,x8,0
 d30:	fffff097          	auipc	x1,0xfffff
 d34:	3a0080e7          	jalr	x1,928(x1) # d0 <strings_equal>
#     action_go(active_entity, 2);
 d38:	00200593          	addi	x11,x0,2
#   } else if (strings_equal(words[0], "s")) {
 d3c:	02051063          	bne	x10,x0,d5c <handle_inbuf+0x1ec>
#   } else if (strings_equal(words[0], "w")) {
 d40:	000015b7          	lui	x11,0x1
 d44:	21c58593          	addi	x11,x11,540 # 121c <delay+0x2d4>
 d48:	00040513          	addi	x10,x8,0
 d4c:	fffff097          	auipc	x1,0xfffff
 d50:	384080e7          	jalr	x1,900(x1) # d0 <strings_equal>
 d54:	02050463          	beq	x10,x0,d7c <handle_inbuf+0x20c>
#     action_go(active_entity, 3);
 d58:	00300593          	addi	x11,x0,3
# }
 d5c:	02812403          	lw	x8,40(x2)
#     action_go(active_entity, 3);
 d60:	000027b7          	lui	x15,0x2
# }
 d64:	02c12083          	lw	x1,44(x2)
 d68:	02412483          	lw	x9,36(x2)
#     action_go(active_entity, 3);
 d6c:	5f07c503          	lbu	x10,1520(x15) # 25f0 <active_entity>
# }
 d70:	03010113          	addi	x2,x2,48
#     action_go(active_entity, 3);
 d74:	00000317          	auipc	x6,0x0
 d78:	adc30067          	jalr	x0,-1316(x6) # 850 <action_go>
#   } else if (strings_equal(words[0], "g")) {
 d7c:	000015b7          	lui	x11,0x1
 d80:	22058593          	addi	x11,x11,544 # 1220 <delay+0x2d8>
 d84:	00040513          	addi	x10,x8,0
 d88:	fffff097          	auipc	x1,0xfffff
 d8c:	348080e7          	jalr	x1,840(x1) # d0 <strings_equal>
 d90:	04050a63          	beq	x10,x0,de4 <handle_inbuf+0x274>
#     if (nwords < 2) {
 d94:	00100793          	addi	x15,x0,1
 d98:	00f49863          	bne	x9,x15,da8 <handle_inbuf+0x238>
#       uart_send_str("give what\r\n\r\n");
 d9c:	00001537          	lui	x10,0x1
 da0:	22450513          	addi	x10,x10,548 # 1224 <delay+0x2dc>
 da4:	e91ff06f          	jal	x0,c34 <handle_inbuf+0xc4>
#     if (nwords < 3) {
 da8:	00200793          	addi	x15,x0,2
 dac:	00f49863          	bne	x9,x15,dbc <handle_inbuf+0x24c>
#       uart_send_str("give to whom\r\n\r\n");
 db0:	00001537          	lui	x10,0x1
 db4:	23450513          	addi	x10,x10,564 # 1234 <delay+0x2ec>
 db8:	e7dff06f          	jal	x0,c34 <handle_inbuf+0xc4>
# }
 dbc:	02812403          	lw	x8,40(x2)
#     action_give(active_entity, words[1], words[2]);
 dc0:	000027b7          	lui	x15,0x2
 dc4:	00812603          	lw	x12,8(x2)
 dc8:	00412583          	lw	x11,4(x2)
# }
 dcc:	02c12083          	lw	x1,44(x2)
 dd0:	02412483          	lw	x9,36(x2)
#     action_give(active_entity, words[1], words[2]);
 dd4:	5f07c503          	lbu	x10,1520(x15) # 25f0 <active_entity>
# }
 dd8:	03010113          	addi	x2,x2,48
#     action_give(active_entity, words[1], words[2]);
 ddc:	00000317          	auipc	x6,0x0
 de0:	b7430067          	jalr	x0,-1164(x6) # 950 <action_give>
#     uart_send_str("not understood\r\n\r\n");
 de4:	00001537          	lui	x10,0x1
 de8:	24850513          	addi	x10,x10,584 # 1248 <delay+0x300>
 dec:	e49ff06f          	jal	x0,c34 <handle_inbuf+0xc4>

00000df0 <input_inbuf>:
# 
# void input_inbuf() {
 df0:	fe010113          	addi	x2,x2,-32
 df4:	00812c23          	sw	x8,24(x2)
#   while (1) {
#     const char ch = uart_read_char();
#     if (ch == CHAR_BACKSPACE) {
#       if (inbuf.ix > 0) {
 df8:	00002437          	lui	x8,0x2
# void input_inbuf() {
 dfc:	00912a23          	sw	x9,20(x2)
 e00:	01212823          	sw	x18,16(x2)
 e04:	01312623          	sw	x19,12(x2)
 e08:	01412423          	sw	x20,8(x2)
 e0c:	00112e23          	sw	x1,28(x2)
#       if (inbuf.ix > 0) {
 e10:	5f440413          	addi	x8,x8,1524 # 25f4 <inbuf>
#     if (ch == CHAR_BACKSPACE) {
 e14:	07f00913          	addi	x18,x0,127
#         inbuf.ix--;
#         uart_send_char(ch);
#       }
#     } else if (ch == CHAR_CARRIAGE_RETURN ||
 e18:	00d00993          	addi	x19,x0,13
 e1c:	04f00a13          	addi	x20,x0,79
#     } else {
#       inbuf.line[inbuf.ix] = ch;
#       inbuf.ix++;
#       uart_send_char(ch);
#     }
#     *leds = inbuf.ix;
 e20:	000024b7          	lui	x9,0x2
#     const char ch = uart_read_char();
 e24:	00000097          	auipc	x1,0x0
 e28:	10c080e7          	jalr	x1,268(x1) # f30 <uart_read_char>
#       if (inbuf.ix > 0) {
 e2c:	05044783          	lbu	x15,80(x8)
#     if (ch == CHAR_BACKSPACE) {
 e30:	03251463          	bne	x10,x18,e58 <input_inbuf+0x68>
#       if (inbuf.ix > 0) {
 e34:	00078a63          	beq	x15,x0,e48 <input_inbuf+0x58>
#         inbuf.ix--;
 e38:	fff78793          	addi	x15,x15,-1
#       inbuf.ix++;
 e3c:	04f40823          	sb	x15,80(x8)
#       uart_send_char(ch);
 e40:	00000097          	auipc	x1,0x0
 e44:	0d8080e7          	jalr	x1,216(x1) # f18 <uart_send_char>
#     *leds = inbuf.ix;
 e48:	5e04a783          	lw	x15,1504(x9) # 25e0 <leds>
 e4c:	05044703          	lbu	x14,80(x8)
 e50:	00e78023          	sb	x14,0(x15)
#   while (1) {
 e54:	fd1ff06f          	jal	x0,e24 <input_inbuf+0x34>
#     } else if (ch == CHAR_CARRIAGE_RETURN ||
 e58:	01350463          	beq	x10,x19,e60 <input_inbuf+0x70>
 e5c:	03479863          	bne	x15,x20,e8c <input_inbuf+0x9c>
#       inbuf.line[inbuf.ix] = 0;
 e60:	00f407b3          	add	x15,x8,x15
 e64:	00078023          	sb	x0,0(x15)
#       inbuf.ix = 0;
 e68:	04040823          	sb	x0,80(x8)
#   }
# }
 e6c:	01c12083          	lw	x1,28(x2)
 e70:	01812403          	lw	x8,24(x2)
 e74:	01412483          	lw	x9,20(x2)
 e78:	01012903          	lw	x18,16(x2)
 e7c:	00c12983          	lw	x19,12(x2)
 e80:	00812a03          	lw	x20,8(x2)
 e84:	02010113          	addi	x2,x2,32
 e88:	00008067          	jalr	x0,0(x1)
#       inbuf.line[inbuf.ix] = ch;
 e8c:	00f406b3          	add	x13,x8,x15
 e90:	00a68023          	sb	x10,0(x13)
#       inbuf.ix++;
 e94:	00178793          	addi	x15,x15,1
 e98:	fa5ff06f          	jal	x0,e3c <input_inbuf+0x4c>

00000e9c <uart_send_str>:
# 
# void uart_send_str(const char *str) {
#   while (*str) {
#     while (*uart_out)
 e9c:	000026b7          	lui	x13,0x2
#   while (*str) {
 ea0:	00054783          	lbu	x15,0(x10)
 ea4:	00079463          	bne	x15,x0,eac <uart_send_str+0x10>
#       ;
#     *uart_out = *str++;
#   }
# }
 ea8:	00008067          	jalr	x0,0(x1)
#     while (*uart_out)
 eac:	5e46a703          	lw	x14,1508(x13) # 25e4 <uart_out>
 eb0:	00074603          	lbu	x12,0(x14)
 eb4:	fe061ee3          	bne	x12,x0,eb0 <uart_send_str+0x14>
#     *uart_out = *str++;
 eb8:	00150513          	addi	x10,x10,1
 ebc:	00f70023          	sb	x15,0(x14)
 ec0:	fe1ff06f          	jal	x0,ea0 <uart_send_str+0x4>

00000ec4 <uart_send_hex_byte>:
# 
# void uart_send_hex_byte(char ch) {
 ec4:	ff010113          	addi	x2,x2,-16
 ec8:	00812423          	sw	x8,8(x2)
 ecc:	00050413          	addi	x8,x10,0
#   uart_send_hex_nibble((ch & 0xf0) >> 4);
 ed0:	00455513          	srli	x10,x10,0x4
# void uart_send_hex_byte(char ch) {
 ed4:	00112623          	sw	x1,12(x2)
#   uart_send_hex_nibble((ch & 0xf0) >> 4);
 ed8:	00000097          	auipc	x1,0x0
 edc:	020080e7          	jalr	x1,32(x1) # ef8 <uart_send_hex_nibble>
#   uart_send_hex_nibble(ch & 0x0f);
 ee0:	00f47513          	andi	x10,x8,15
# }
 ee4:	00812403          	lw	x8,8(x2)
 ee8:	00c12083          	lw	x1,12(x2)
 eec:	01010113          	addi	x2,x2,16
#   uart_send_hex_nibble(ch & 0x0f);
 ef0:	00000317          	auipc	x6,0x0
 ef4:	00830067          	jalr	x0,8(x6) # ef8 <uart_send_hex_nibble>

00000ef8 <uart_send_hex_nibble>:
# 
# void uart_send_hex_nibble(char nibble) {
#   if (nibble < 10) {
 ef8:	00900793          	addi	x15,x0,9
 efc:	00a7ea63          	bltu	x15,x10,f10 <uart_send_hex_nibble+0x18>
#     uart_send_char('0' + nibble);
 f00:	03050513          	addi	x10,x10,48
#   } else {
#     uart_send_char('A' + (nibble - 10));
 f04:	0ff57513          	andi	x10,x10,255
 f08:	00000317          	auipc	x6,0x0
 f0c:	01030067          	jalr	x0,16(x6) # f18 <uart_send_char>
 f10:	03750513          	addi	x10,x10,55
 f14:	ff1ff06f          	jal	x0,f04 <uart_send_hex_nibble+0xc>

00000f18 <uart_send_char>:
#   }
# }
# 
# void uart_send_char(char ch) {
#   while (*uart_out)
 f18:	000027b7          	lui	x15,0x2
 f1c:	5e47a783          	lw	x15,1508(x15) # 25e4 <uart_out>
 f20:	0007c703          	lbu	x14,0(x15)
 f24:	fe071ee3          	bne	x14,x0,f20 <uart_send_char+0x8>
#     ;
#   *uart_out = ch;
 f28:	00a78023          	sb	x10,0(x15)
# }
 f2c:	00008067          	jalr	x0,0(x1)

00000f30 <uart_read_char>:
# 
# char uart_read_char() {
#   char ch;
#   while ((ch = *uart_in) == 0)
 f30:	000027b7          	lui	x15,0x2
 f34:	5e87a703          	lw	x14,1512(x15) # 25e8 <uart_in>
 f38:	00074783          	lbu	x15,0(x14)
 f3c:	0ff7f513          	andi	x10,x15,255
 f40:	fe078ce3          	beq	x15,x0,f38 <uart_read_char+0x8>
#     ;
#   return ch;
# }
 f44:	00008067          	jalr	x0,0(x1)

00000f48 <delay>:
# 
# inline void delay(volatile unsigned int ticks) {
 f48:	ff010113          	addi	x2,x2,-16
 f4c:	00a12623          	sw	x10,12(x2)
#   while (ticks--)
 f50:	00c12783          	lw	x15,12(x2)
 f54:	fff78713          	addi	x14,x15,-1
 f58:	00e12623          	sw	x14,12(x2)
 f5c:	fe079ae3          	bne	x15,x0,f50 <delay+0x8>
#     ;
# }
 f60:	01010113          	addi	x2,x2,16
 f64:	00008067          	jalr	x0,0(x1)
